// Jest Snapshot v1, https://goo.gl/fbAQLP

exports[`Rating should match to snapshot 1`] = `
<span
  className="rating"
>
  7.0
</span>
`;
