// Jest Snapshot v1, https://goo.gl/fbAQLP

exports[`Footer should match to snapshot 1`] = `
<footer
  className="footer"
>
  <Logo
    className=""
  />
</footer>
`;
