// Jest Snapshot v1, https://goo.gl/fbAQLP

exports[`MovieYear should match to snapshot 1`] = `
<span
  className="movieYear"
>
  2000
</span>
`;
