// Jest Snapshot v1, https://goo.gl/fbAQLP

exports[`ButtonRaised should match to snapshot 1`] = `
<button
  className="buttonRaised"
  type="submit"
>
  text
</button>
`;
