// Jest Snapshot v1, https://goo.gl/fbAQLP

exports[`Spinner should match to snapshot 1`] = `
<div
  className="spinner-wrapper"
>
  <div
    className="spinner"
  />
</div>
`;
