// Jest Snapshot v1, https://goo.gl/fbAQLP

exports[`SearchBody should match to empty snapshot 1`] = `
<h2>
  No items found
</h2>
`;

exports[`SearchBody should match to snapshot with content 1`] = `
<div
  className="searchBody"
>
  <MovieCard
    className=""
    key="58574"
    movie={
      Object {
        "budget": 125000000,
        "genres": Array [
          "Adventure",
          "Action",
          "Crime",
          "Mystery",
        ],
        "id": 58574,
        "overview": "There is a new criminal mastermind at large (Professor Moriarty) and not only is he Holmesâ€™ intellectual equal, but his capacity for evil and lack of conscience may give him an advantage over the  detective.",
        "poster_path": "https://image.tmdb.org/t/p/w500/7OFqsVuS6DlVM10GUD72vCGpQm9.jpg",
        "release_date": "2011-11-22",
        "revenue": 334615000,
        "runtime": 129,
        "tagline": "The game is afoot.",
        "title": "Sherlock Holmes: A Game of Shadows",
        "vote_average": 7,
        "vote_count": 4823,
      }
    }
  />
  <MovieCard
    className=""
    key="185"
    movie={
      Object {
        "budget": 2200000,
        "genres": Array [
          "Science Fiction",
          "Drama",
        ],
        "id": 185,
        "overview": "Demonic gang-leader Alex goes on the spree of rape, mugging and murder with his pack of \\"droogs\\". But he's a boy who also likes Beethoven's Ninth and a bit of \\"the old in-out, in-out\\". He later finds himself at the mercy of the state and its brainwashing experiment designed to take violence off the streets.",
        "poster_path": "https://image.tmdb.org/t/p/w500/kgAi87gyx6b4oGJYSC36tVkJyJu.jpg",
        "release_date": "1971-12-18",
        "revenue": 26589000,
        "runtime": 136,
        "tagline": "Being the adventures of a young man whose principal interests are rape, ultra-violence and Beethoven.",
        "title": "A Clockwork Orange",
        "vote_average": 8.1,
        "vote_count": 4553,
      }
    }
  />
  <MovieCard
    className=""
    key="10528"
    movie={
      Object {
        "budget": 90000000,
        "genres": Array [
          "Action",
          "Adventure",
          "Crime",
          "Mystery",
        ],
        "id": 10528,
        "overview": "Eccentric consulting detective, Sherlock Holmes and Doctor John Watson battle to bring down a new nemesis and unravel a deadly plot that could destroy England.",
        "poster_path": "https://image.tmdb.org/t/p/w500/22ngurXbLqab7Sko6aTSdwOCe5W.jpg",
        "release_date": "2009-12-23",
        "revenue": 524028679,
        "runtime": 128,
        "tagline": "Nothing escapes him.",
        "title": "Sherlock Holmes",
        "vote_average": 7,
        "vote_count": 6907,
      }
    }
  />
</div>
`;
