// Jest Snapshot v1, https://goo.gl/fbAQLP

exports[`App should match to snapshot 1`] = `
<Fragment>
  <ErrorBoundary>
    <Header
      className=""
    />
    <Connect(MainContainer) />
    <Footer
      className=""
    />
  </ErrorBoundary>
</Fragment>
`;
