// Jest Snapshot v1, https://goo.gl/fbAQLP

exports[`LabelRaised should match to snapshot 1`] = `
<span
  className="labelRaised"
/>
`;
