// Jest Snapshot v1, https://goo.gl/fbAQLP

exports[`HeaderMovieDetails should match to snapshot 1`] = `
<header
  className="headerMovieDetails"
>
  <Logo
    className=""
  />
  <MovieDetails
    className=""
    movie={
      Object {
        "budget": 125000000,
        "genres": Array [
          "Adventure",
          "Action",
          "Crime",
          "Mystery",
        ],
        "id": 58574,
        "overview": "There is a new criminal mastermind at large (Professor Moriarty) and not only is he Holmesâ€™ intellectual equal, but his capacity for evil and lack of conscience may give him an advantage over the  detective.",
        "poster_path": "https://image.tmdb.org/t/p/w500/7OFqsVuS6DlVM10GUD72vCGpQm9.jpg",
        "release_date": "2011-11-22",
        "revenue": 334615000,
        "runtime": 129,
        "tagline": "The game is afoot.",
        "title": "Sherlock Holmes: A Game of Shadows",
        "vote_average": 7,
        "vote_count": 4823,
      }
    }
  />
</header>
`;
