// Jest Snapshot v1, https://goo.gl/fbAQLP

exports[`SearchInput should match to snapshot 1`] = `
<input
  className="input"
  placeholder="type here"
  type="text"
/>
`;
