// Jest Snapshot v1, https://goo.gl/fbAQLP

exports[`Logo should match to snapshot 1`] = `
<h3
  className="logo"
>
  <strong>
    netflix
  </strong>
  roulette
</h3>
`;
